--- 2026-08-09 21:37:16 :: batch worker pool ---
Traceback (most recent call last):
  File "hydra_app.py", line 532, in _open_pool
    pool.submit(hybatch.ping).result(timeout=POOL_STARTUP_TIMEOUT)
    ~~~~~~~~~~~^^^^^^^^^^^^^^
  File "C:\Users\Patrick\AppData\Local\Python\pythoncore-3.14-64\Lib\concurrent\futures\process.py", line 816, in submit
    self._adjust_process_count()
    ~~~~~~~~~~~~~~~~~~~~~~~~~~^^
  File "C:\Users\Patrick\AppData\Local\Python\pythoncore-3.14-64\Lib\concurrent\futures\process.py", line 775, in _adjust_process_count
    self._spawn_process()
    ~~~~~~~~~~~~~~~~~~~^^
  File "C:\Users\Patrick\AppData\Local\Python\pythoncore-3.14-64\Lib\concurrent\futures\process.py", line 793, in _spawn_process
    p.start()
    ~~~~~~~^^
  File "C:\Users\Patrick\AppData\Local\Python\pythoncore-3.14-64\Lib\multiprocessing\process.py", line 121, in start
    self._popen = self._Popen(self)
                  ~~~~~~~~~~~^^^^^^
  File "C:\Users\Patrick\AppData\Local\Python\pythoncore-3.14-64\Lib\multiprocessing\context.py", line 343, in _Popen
    return Popen(process_obj)
  File "C:\Users\Patrick\AppData\Local\Python\pythoncore-3.14-64\Lib\multiprocessing\popen_spawn_win32.py", line 47, in __init__
    prep_data = spawn.get_preparation_data(process_obj._name)
  File "C:\Users\Patrick\AppData\Local\Python\pythoncore-3.14-64\Lib\multiprocessing\spawn.py", line 164, in get_preparation_data
    _check_not_importing_main()
    ~~~~~~~~~~~~~~~~~~~~~~~~~^^
  File "C:\Users\Patrick\AppData\Local\Python\pythoncore-3.14-64\Lib\multiprocessing\spawn.py", line 140, in _check_not_importing_main
    raise RuntimeError('''
    ...<16 lines>...
    ''')
RuntimeError: 
        An attempt has been made to start a new process before the
        current process has finished its bootstrapping phase.

        This probably means that you are not using fork to start your
        child processes and you have forgotten to use the proper idiom
        in the main module:

            if __name__ == '__main__':
                freeze_support()
                ...

        The "freeze_support()" line can be omitted if the program
        is not going to be frozen to produce an executable.

        To fix this issue, refer to the "Safe importing of main module"
        section in https://docs.python.org/3/library/multiprocessing.html
        

